// Jest Snapshot v1, https://goo.gl/fbAQLP

exports[`expect to render App Component 1`] = `
Array [
  <div
    className="MuiBox-root css-i9gxme"
  >
    <header
      className="MuiPaper-root MuiPaper-elevation MuiPaper-elevation4 MuiAppBar-root MuiAppBar-colorPrimary MuiAppBar-positionFixed makeStyles-appBar-1 mui-fixed css-1wpviw0-MuiPaper-root-MuiAppBar-root"
    >
      <div
        className="MuiToolbar-root MuiToolbar-gutters MuiToolbar-regular css-1t29gy6-MuiToolbar-root"
      >
        <div
          className="makeStyles-wrapper-4"
        >
          <a
            className="makeStyles-logoLink-3"
            href="/"
            onClick={[Function]}
          >
            <div
              className="MuiGrid-root MuiGrid-container css-1dfafci-MuiGrid-root"
            >
              <div
                className="MuiGrid-root MuiGrid-item css-13i4rnv-MuiGrid-root"
              >
                <img
                  alt="Logo"
                  src="logo2.jpg"
                />
              </div>
              <div
                className="MuiGrid-root MuiGrid-item css-13i4rnv-MuiGrid-root"
              >
                <div
                  className="MuiTypography-root MuiTypography-h6 makeStyles-logo-2 css-djclcc-MuiTypography-root"
                >
                  AskIt
                </div>
              </div>
            </div>
          </a>
        </div>
        <div
          className="MuiGrid-root MuiGrid-item css-13i4rnv-MuiGrid-root"
        >
          <div
            className="MuiGrid-root MuiGrid-container css-vjrwn8-MuiGrid-root"
          >
            <a
              className="MuiButton-root MuiButton-contained MuiButton-containedPrimary MuiButton-sizeMedium MuiButton-containedSizeMedium MuiButtonBase-root makeStyles-button-5 css-oergs2-MuiButtonBase-root-MuiButton-root"
              href="/login"
              onBlur={[Function]}
              onClick={[Function]}
              onContextMenu={[Function]}
              onDragLeave={[Function]}
              onFocus={[Function]}
              onKeyDown={[Function]}
              onKeyUp={[Function]}
              onMouseDown={[Function]}
              onMouseLeave={[Function]}
              onMouseUp={[Function]}
              onTouchEnd={[Function]}
              onTouchMove={[Function]}
              onTouchStart={[Function]}
              tabIndex={0}
            >
              Log In
            </a>
            <a
              className="MuiButton-root MuiButton-contained MuiButton-containedSecondary MuiButton-sizeMedium MuiButton-containedSizeMedium MuiButtonBase-root makeStyles-button-5 css-1ssim7y-MuiButtonBase-root-MuiButton-root"
              href="/register"
              onBlur={[Function]}
              onClick={[Function]}
              onContextMenu={[Function]}
              onDragLeave={[Function]}
              onFocus={[Function]}
              onKeyDown={[Function]}
              onKeyUp={[Function]}
              onMouseDown={[Function]}
              onMouseLeave={[Function]}
              onMouseUp={[Function]}
              onTouchEnd={[Function]}
              onTouchMove={[Function]}
              onTouchStart={[Function]}
              tabIndex={0}
            >
              Sign Up
            </a>
          </div>
        </div>
      </div>
    </header>
  </div>,
  <div
    className="makeStyles-spacer-6"
  />,
  <div
    className="MuiContainer-root MuiContainer-maxWidthLg css-1oqqzyl-MuiContainer-root"
  >
    <div
      className="MuiGrid-root MuiGrid-container css-s5hy0i-MuiGrid-root"
    >
      <div
        className="MuiGrid-root MuiGrid-item MuiGrid-grid-xs-12 MuiGrid-grid-md-7 css-1a4ufwv-MuiGrid-root"
      >
        <div
          className="MuiGrid-root MuiGrid-container css-s5hy0i-MuiGrid-root"
        >
          <div
            className="MuiGrid-root MuiGrid-item MuiGrid-grid-xs-12 css-1idn90j-MuiGrid-root"
          >
            <div
              className="MuiPaper-root MuiPaper-elevation MuiPaper-rounded MuiPaper-elevation1 css-1ryu5h6-MuiPaper-root"
            >
              <p
                className="MuiTypography-root MuiTypography-body1 css-1b0nmq0-MuiTypography-root"
              >
                Log in to post questions
              </p>
            </div>
          </div>
          <div
            className="MuiGrid-root MuiGrid-item MuiGrid-grid-xs-12 css-1idn90j-MuiGrid-root"
          >
            <div
              className="MuiGrid-root MuiGrid-container MuiGrid-spacing-xs-2 MuiGrid-direction-xs-column css-1in8k2h-MuiGrid-root"
            >
              <div
                className="MuiGrid-root MuiGrid-item css-13i4rnv-MuiGrid-root"
              />
            </div>
          </div>
        </div>
      </div>
      <div
        className="MuiGrid-root MuiGrid-item MuiGrid-grid-md-4 css-1ube6tp-MuiGrid-root"
      >
        <div
          className="MuiGrid-root MuiGrid-container MuiGrid-direction-xs-column css-24gvns-MuiGrid-root"
        >
          <div
            className="MuiGrid-root MuiGrid-item css-13i4rnv-MuiGrid-root"
          >
            <div
              className="MuiPaper-root MuiPaper-elevation MuiPaper-rounded MuiPaper-elevation1 css-1wzwawo-MuiPaper-root"
            >
              <div
                className="MuiTypography-root MuiTypography-h6 makeStyles-listTitle-7 css-15ka3go-MuiTypography-root"
              >
                Top AskIt-ers
              </div>
              <ul
                className="MuiList-root MuiList-padding css-1fllfke-MuiList-root"
              />
            </div>
          </div>
          <div
            className="MuiGrid-root MuiGrid-item css-13i4rnv-MuiGrid-root"
          >
            <div
              className="MuiPaper-root MuiPaper-elevation MuiPaper-rounded MuiPaper-elevation1 css-1wzwawo-MuiPaper-root"
            >
              <div
                className="MuiTypography-root MuiTypography-h6 makeStyles-listTitle-7 css-15ka3go-MuiTypography-root"
              >
                Hot questions
              </div>
              <ul
                className="MuiList-root MuiList-padding css-1fllfke-MuiList-root"
              />
            </div>
          </div>
        </div>
      </div>
    </div>
  </div>,
  <div
    className="makeStyles-spacer-6"
  />,
]
`;
